| test.cpp:27:5:27:6 | f1 | The variable 'b' is used in this function but may not be initialized when it is called. |
