| continuation |
| feeds |
| string_cr_conversion |
| test |
